ubuntu@ip-172-31-38-156:~$ sudo apt-get update
Hit:1 http://us-east-2.ec2.archive.ubuntu.com/ubuntu xenial InRelease
Get:2 http://us-east-2.ec2.archive.ubuntu.com/ubuntu xenial-updates InRelease [109 kB]
Get:3 http://us-east-2.ec2.archive.ubuntu.com/ubuntu xenial-backports InRelease [107 kB]
Get:4 http://security.ubuntu.com/ubuntu xenial-security InRelease [107 kB]     
Get:5 http://us-east-2.ec2.archive.ubuntu.com/ubuntu xenial/main Sources [868 kB]  
Get:6 http://us-east-2.ec2.archive.ubuntu.com/ubuntu xenial/restricted Sources [4,808 B]   
Get:7 http://us-east-2.ec2.archive.ubuntu.com/ubuntu xenial/universe Sources [7,728 kB]                  
Get:8 http://us-east-2.ec2.archive.ubuntu.com/ubuntu xenial/multiverse Sources [179 kB]                            
Get:9 http://us-east-2.ec2.archive.ubuntu.com/ubuntu xenial/universe amd64 Packages [7,532 kB]
Get:10 http://us-east-2.ec2.archive.ubuntu.com/ubuntu xenial/universe Translation-en [4,354 kB]
Get:11 http://us-east-2.ec2.archive.ubuntu.com/ubuntu xenial/multiverse amd64 Packages [144 kB]
Get:12 http://us-east-2.ec2.archive.ubuntu.com/ubuntu xenial/multiverse Translation-en [106 kB]
Get:13 http://us-east-2.ec2.archive.ubuntu.com/ubuntu xenial-updates/main Sources [320 kB]
Get:14 http://us-east-2.ec2.archive.ubuntu.com/ubuntu xenial-updates/restricted Sources [2,528 B]
Get:15 http://us-east-2.ec2.archive.ubuntu.com/ubuntu xenial-updates/universe Sources [220 kB]
Get:16 http://us-east-2.ec2.archive.ubuntu.com/ubuntu xenial-updates/multiverse Sources [8,408 B]
Get:17 http://us-east-2.ec2.archive.ubuntu.com/ubuntu xenial-updates/main amd64 Packages [842 kB]
Get:18 http://us-east-2.ec2.archive.ubuntu.com/ubuntu xenial-updates/main Translation-en [345 kB]
Get:19 http://us-east-2.ec2.archive.ubuntu.com/ubuntu xenial-updates/universe amd64 Packages [682 kB]
Get:20 http://security.ubuntu.com/ubuntu xenial-security/main Sources [133 kB]  
Get:21 http://us-east-2.ec2.archive.ubuntu.com/ubuntu xenial-updates/universe Translation-en [276 kB]
Get:22 http://us-east-2.ec2.archive.ubuntu.com/ubuntu xenial-updates/multiverse amd64 Packages [16.4 kB]
Get:23 http://us-east-2.ec2.archive.ubuntu.com/ubuntu xenial-updates/multiverse Translation-en [8,344 B]
Get:24 http://us-east-2.ec2.archive.ubuntu.com/ubuntu xenial-backports/main Sources [4,488 B]
Get:25 http://us-east-2.ec2.archive.ubuntu.com/ubuntu xenial-backports/universe Sources [6,740 B]
Get:26 http://us-east-2.ec2.archive.ubuntu.com/ubuntu xenial-backports/main amd64 Packages [6,756 B]
Get:27 http://us-east-2.ec2.archive.ubuntu.com/ubuntu xenial-backports/main Translation-en [4,180 B]
Get:28 http://us-east-2.ec2.archive.ubuntu.com/ubuntu xenial-backports/universe amd64 Packages [7,420 B]
Get:29 http://us-east-2.ec2.archive.ubuntu.com/ubuntu xenial-backports/universe Translation-en [3,996 B]
Get:30 http://security.ubuntu.com/ubuntu xenial-security/restricted Sources [2,116 B]
Get:31 http://security.ubuntu.com/ubuntu xenial-security/universe Sources [73.2 kB]
Get:32 http://security.ubuntu.com/ubuntu xenial-security/multiverse Sources [2,088 B]
Get:33 http://security.ubuntu.com/ubuntu xenial-security/main amd64 Packages [550 kB]
Get:34 http://security.ubuntu.com/ubuntu xenial-security/main Translation-en [233 kB]
Get:35 http://security.ubuntu.com/ubuntu xenial-security/universe amd64 Packages [369 kB]
Get:36 http://security.ubuntu.com/ubuntu xenial-security/universe Translation-en [140 kB]
Get:37 http://security.ubuntu.com/ubuntu xenial-security/multiverse amd64 Packages [3,456 B]
Get:38 http://security.ubuntu.com/ubuntu xenial-security/multiverse Translation-en [1,744 B]
Fetched 25.5 MB in 4s (5,402 kB/s)             
Reading package lists... Done
ubuntu@ip-172-31-38-156:~$ sudo apt-get install openjdk-8-jre-headless -y
Reading package lists... Done
Building dependency tree       
Reading state information... Done
The following additional packages will be installed:
  ca-certificates-java fontconfig-config fonts-dejavu-core java-common libavahi-client3 libavahi-common-data libavahi-common3 libcups2 libfontconfig1
  libjpeg-turbo8 libjpeg8 liblcms2-2 libnspr4 libnss3 libnss3-nssdb libpcsclite1 libxi6 libxrender1 libxtst6 x11-common
Suggested packages:
  default-jre cups-common liblcms2-utils pcscd libnss-mdns fonts-dejavu-extra fonts-ipafont-gothic fonts-ipafont-mincho fonts-wqy-microhei
  fonts-wqy-zenhei fonts-indic
The following NEW packages will be installed:
  ca-certificates-java fontconfig-config fonts-dejavu-core java-common libavahi-client3 libavahi-common-data libavahi-common3 libcups2 libfontconfig1
  libjpeg-turbo8 libjpeg8 liblcms2-2 libnspr4 libnss3 libnss3-nssdb libpcsclite1 libxi6 libxrender1 libxtst6 openjdk-8-jre-headless x11-common
0 upgraded, 21 newly installed, 0 to remove and 8 not upgraded.
Need to get 30.1 MB of archives.
After this operation, 110 MB of additional disk space will be used.
Get:1 http://us-east-2.ec2.archive.ubuntu.com/ubuntu xenial-updates/main amd64 libjpeg-turbo8 amd64 1.4.2-0ubuntu3.1 [111 kB]
Get:2 http://us-east-2.ec2.archive.ubuntu.com/ubuntu xenial/main amd64 liblcms2-2 amd64 2.6-3ubuntu2 [137 kB]
Get:3 http://us-east-2.ec2.archive.ubuntu.com/ubuntu xenial-updates/main amd64 x11-common all 1:7.7+13ubuntu3.1 [22.9 kB]
Get:4 http://us-east-2.ec2.archive.ubuntu.com/ubuntu xenial/main amd64 libxtst6 amd64 2:1.2.2-1 [14.1 kB]
Get:5 http://us-east-2.ec2.archive.ubuntu.com/ubuntu xenial/main amd64 java-common all 0.56ubuntu2 [7,742 B]
Get:6 http://us-east-2.ec2.archive.ubuntu.com/ubuntu xenial-updates/main amd64 libavahi-common-data amd64 0.6.32~rc+dfsg-1ubuntu2.2 [21.5 kB]
Get:7 http://us-east-2.ec2.archive.ubuntu.com/ubuntu xenial-updates/main amd64 libavahi-common3 amd64 0.6.32~rc+dfsg-1ubuntu2.2 [21.6 kB]
Get:8 http://us-east-2.ec2.archive.ubuntu.com/ubuntu xenial-updates/main amd64 libavahi-client3 amd64 0.6.32~rc+dfsg-1ubuntu2.2 [25.2 kB]
Get:9 http://us-east-2.ec2.archive.ubuntu.com/ubuntu xenial-updates/main amd64 libcups2 amd64 2.1.3-4ubuntu0.5 [197 kB]
Get:10 http://us-east-2.ec2.archive.ubuntu.com/ubuntu xenial/main amd64 libjpeg8 amd64 8c-2ubuntu8 [2,194 B]
Get:11 http://us-east-2.ec2.archive.ubuntu.com/ubuntu xenial/main amd64 fonts-dejavu-core all 2.35-1 [1,039 kB]
Get:12 http://us-east-2.ec2.archive.ubuntu.com/ubuntu xenial-updates/main amd64 fontconfig-config all 2.11.94-0ubuntu1.1 [49.9 kB]
Get:13 http://us-east-2.ec2.archive.ubuntu.com/ubuntu xenial-updates/main amd64 libfontconfig1 amd64 2.11.94-0ubuntu1.1 [131 kB]
Get:14 http://us-east-2.ec2.archive.ubuntu.com/ubuntu xenial-updates/main amd64 libnspr4 amd64 2:4.13.1-0ubuntu0.16.04.1 [112 kB]
Get:15 http://us-east-2.ec2.archive.ubuntu.com/ubuntu xenial-updates/main amd64 libnss3-nssdb all 2:3.28.4-0ubuntu0.16.04.3 [10.6 kB]
Get:16 http://us-east-2.ec2.archive.ubuntu.com/ubuntu xenial-updates/main amd64 libnss3 amd64 2:3.28.4-0ubuntu0.16.04.3 [1,148 kB]
Get:17 http://us-east-2.ec2.archive.ubuntu.com/ubuntu xenial-updates/main amd64 libpcsclite1 amd64 1.8.14-1ubuntu1.16.04.1 [21.4 kB]
Get:18 http://us-east-2.ec2.archive.ubuntu.com/ubuntu xenial/main amd64 libxi6 amd64 2:1.7.6-1 [28.6 kB]
Get:19 http://us-east-2.ec2.archive.ubuntu.com/ubuntu xenial/main amd64 libxrender1 amd64 1:0.9.9-0ubuntu1 [18.5 kB]
Get:20 http://us-east-2.ec2.archive.ubuntu.com/ubuntu xenial-updates/main amd64 openjdk-8-jre-headless amd64 8u181-b13-0ubuntu0.16.04.1 [27.0 MB]
Get:21 http://us-east-2.ec2.archive.ubuntu.com/ubuntu xenial-updates/main amd64 ca-certificates-java all 20160321ubuntu1 [12.5 kB]
Fetched 30.1 MB in 0s (52.4 MB/s)           
Selecting previously unselected package libjpeg-turbo8:amd64.
(Reading database ... 51281 files and directories currently installed.)
Preparing to unpack .../libjpeg-turbo8_1.4.2-0ubuntu3.1_amd64.deb ...
Unpacking libjpeg-turbo8:amd64 (1.4.2-0ubuntu3.1) ...
Selecting previously unselected package liblcms2-2:amd64.
Preparing to unpack .../liblcms2-2_2.6-3ubuntu2_amd64.deb ...
Unpacking liblcms2-2:amd64 (2.6-3ubuntu2) ...
Selecting previously unselected package x11-common.
Preparing to unpack .../x11-common_1%3a7.7+13ubuntu3.1_all.deb ...
dpkg-query: no packages found matching nux-tools
Unpacking x11-common (1:7.7+13ubuntu3.1) ...
Selecting previously unselected package libxtst6:amd64.
Preparing to unpack .../libxtst6_2%3a1.2.2-1_amd64.deb ...
Unpacking libxtst6:amd64 (2:1.2.2-1) ...
Selecting previously unselected package java-common.
Preparing to unpack .../java-common_0.56ubuntu2_all.deb ...
Unpacking java-common (0.56ubuntu2) ...
Selecting previously unselected package libavahi-common-data:amd64.
Preparing to unpack .../libavahi-common-data_0.6.32~rc+dfsg-1ubuntu2.2_amd64.deb ...
Unpacking libavahi-common-data:amd64 (0.6.32~rc+dfsg-1ubuntu2.2) ...
Selecting previously unselected package libavahi-common3:amd64.
Preparing to unpack .../libavahi-common3_0.6.32~rc+dfsg-1ubuntu2.2_amd64.deb ...
Unpacking libavahi-common3:amd64 (0.6.32~rc+dfsg-1ubuntu2.2) ...
Selecting previously unselected package libavahi-client3:amd64.
Preparing to unpack .../libavahi-client3_0.6.32~rc+dfsg-1ubuntu2.2_amd64.deb ...
Unpacking libavahi-client3:amd64 (0.6.32~rc+dfsg-1ubuntu2.2) ...
Selecting previously unselected package libcups2:amd64.
Preparing to unpack .../libcups2_2.1.3-4ubuntu0.5_amd64.deb ...
Unpacking libcups2:amd64 (2.1.3-4ubuntu0.5) ...
Selecting previously unselected package libjpeg8:amd64.
Preparing to unpack .../libjpeg8_8c-2ubuntu8_amd64.deb ...
Unpacking libjpeg8:amd64 (8c-2ubuntu8) ...
Selecting previously unselected package fonts-dejavu-core.
Preparing to unpack .../fonts-dejavu-core_2.35-1_all.deb ...
Unpacking fonts-dejavu-core (2.35-1) ...
Selecting previously unselected package fontconfig-config.
Preparing to unpack .../fontconfig-config_2.11.94-0ubuntu1.1_all.deb ...
Unpacking fontconfig-config (2.11.94-0ubuntu1.1) ...
Selecting previously unselected package libfontconfig1:amd64.
Preparing to unpack .../libfontconfig1_2.11.94-0ubuntu1.1_amd64.deb ...
Unpacking libfontconfig1:amd64 (2.11.94-0ubuntu1.1) ...
Selecting previously unselected package libnspr4:amd64.
Preparing to unpack .../libnspr4_2%3a4.13.1-0ubuntu0.16.04.1_amd64.deb ...
Unpacking libnspr4:amd64 (2:4.13.1-0ubuntu0.16.04.1) ...
Selecting previously unselected package libnss3-nssdb.
Preparing to unpack .../libnss3-nssdb_2%3a3.28.4-0ubuntu0.16.04.3_all.deb ...
Unpacking libnss3-nssdb (2:3.28.4-0ubuntu0.16.04.3) ...
Selecting previously unselected package libnss3:amd64.
Preparing to unpack .../libnss3_2%3a3.28.4-0ubuntu0.16.04.3_amd64.deb ...
Unpacking libnss3:amd64 (2:3.28.4-0ubuntu0.16.04.3) ...
Selecting previously unselected package libpcsclite1:amd64.
Preparing to unpack .../libpcsclite1_1.8.14-1ubuntu1.16.04.1_amd64.deb ...
Unpacking libpcsclite1:amd64 (1.8.14-1ubuntu1.16.04.1) ...
Selecting previously unselected package libxi6:amd64.
Preparing to unpack .../libxi6_2%3a1.7.6-1_amd64.deb ...
Unpacking libxi6:amd64 (2:1.7.6-1) ...
Selecting previously unselected package libxrender1:amd64.
Preparing to unpack .../libxrender1_1%3a0.9.9-0ubuntu1_amd64.deb ...
Unpacking libxrender1:amd64 (1:0.9.9-0ubuntu1) ...
Selecting previously unselected package openjdk-8-jre-headless:amd64.
Preparing to unpack .../openjdk-8-jre-headless_8u181-b13-0ubuntu0.16.04.1_amd64.deb ...
Unpacking openjdk-8-jre-headless:amd64 (8u181-b13-0ubuntu0.16.04.1) ...
Selecting previously unselected package ca-certificates-java.
Preparing to unpack .../ca-certificates-java_20160321ubuntu1_all.deb ...
Unpacking ca-certificates-java (20160321ubuntu1) ...
Processing triggers for libc-bin (2.23-0ubuntu10) ...
Processing triggers for man-db (2.7.5-1) ...
Processing triggers for systemd (229-4ubuntu21.4) ...
Processing triggers for ureadahead (0.100.0-19) ...
Processing triggers for ca-certificates (20170717~16.04.1) ...
Updating certificates in /etc/ssl/certs...
0 added, 0 removed; done.
Running hooks in /etc/ca-certificates/update.d...
done.
Setting up libjpeg-turbo8:amd64 (1.4.2-0ubuntu3.1) ...
Setting up liblcms2-2:amd64 (2.6-3ubuntu2) ...
Setting up x11-common (1:7.7+13ubuntu3.1) ...
update-rc.d: warning: start and stop actions are no longer supported; falling back to defaults
Setting up libxtst6:amd64 (2:1.2.2-1) ...
Setting up java-common (0.56ubuntu2) ...
Setting up libavahi-common-data:amd64 (0.6.32~rc+dfsg-1ubuntu2.2) ...
Setting up libavahi-common3:amd64 (0.6.32~rc+dfsg-1ubuntu2.2) ...
Setting up libavahi-client3:amd64 (0.6.32~rc+dfsg-1ubuntu2.2) ...
Setting up libcups2:amd64 (2.1.3-4ubuntu0.5) ...
Setting up libjpeg8:amd64 (8c-2ubuntu8) ...
Setting up fonts-dejavu-core (2.35-1) ...
Setting up fontconfig-config (2.11.94-0ubuntu1.1) ...
Setting up libfontconfig1:amd64 (2.11.94-0ubuntu1.1) ...
Setting up libnspr4:amd64 (2:4.13.1-0ubuntu0.16.04.1) ...
Setting up libpcsclite1:amd64 (1.8.14-1ubuntu1.16.04.1) ...
Setting up libxi6:amd64 (2:1.7.6-1) ...
Setting up libxrender1:amd64 (1:0.9.9-0ubuntu1) ...
Setting up libnss3-nssdb (2:3.28.4-0ubuntu0.16.04.3) ...
Setting up libnss3:amd64 (2:3.28.4-0ubuntu0.16.04.3) ...
Setting up openjdk-8-jre-headless:amd64 (8u181-b13-0ubuntu0.16.04.1) ...
update-alternatives: using /usr/lib/jvm/java-8-openjdk-amd64/jre/bin/rmid to provide /usr/bin/rmid (rmid) in auto mode
update-alternatives: using /usr/lib/jvm/java-8-openjdk-amd64/jre/bin/java to provide /usr/bin/java (java) in auto mode
update-alternatives: using /usr/lib/jvm/java-8-openjdk-amd64/jre/bin/keytool to provide /usr/bin/keytool (keytool) in auto mode
update-alternatives: using /usr/lib/jvm/java-8-openjdk-amd64/jre/bin/jjs to provide /usr/bin/jjs (jjs) in auto mode
update-alternatives: using /usr/lib/jvm/java-8-openjdk-amd64/jre/bin/pack200 to provide /usr/bin/pack200 (pack200) in auto mode
update-alternatives: using /usr/lib/jvm/java-8-openjdk-amd64/jre/bin/rmiregistry to provide /usr/bin/rmiregistry (rmiregistry) in auto mode
update-alternatives: using /usr/lib/jvm/java-8-openjdk-amd64/jre/bin/unpack200 to provide /usr/bin/unpack200 (unpack200) in auto mode
update-alternatives: using /usr/lib/jvm/java-8-openjdk-amd64/jre/bin/orbd to provide /usr/bin/orbd (orbd) in auto mode
update-alternatives: using /usr/lib/jvm/java-8-openjdk-amd64/jre/bin/servertool to provide /usr/bin/servertool (servertool) in auto mode
update-alternatives: using /usr/lib/jvm/java-8-openjdk-amd64/jre/bin/tnameserv to provide /usr/bin/tnameserv (tnameserv) in auto mode
update-alternatives: using /usr/lib/jvm/java-8-openjdk-amd64/jre/lib/jexec to provide /usr/bin/jexec (jexec) in auto mode
Setting up ca-certificates-java (20160321ubuntu1) ...
Adding debian:GeoTrust_Primary_Certification_Authority.pem
Adding debian:Microsec_e-Szigno_Root_CA_2009.pem
Adding debian:COMODO_RSA_Certification_Authority.pem
Adding debian:AddTrust_External_Root.pem
Adding debian:DST_Root_CA_X3.pem
Adding debian:CFCA_EV_ROOT.pem
Adding debian:QuoVadis_Root_CA.pem
Adding debian:CA_Disig_Root_R2.pem
Adding debian:IdenTrust_Public_Sector_Root_CA_1.pem
Adding debian:COMODO_ECC_Certification_Authority.pem
Adding debian:SecureSign_RootCA11.pem
Adding debian:XRamp_Global_CA_Root.pem
Adding debian:GlobalSign_Root_CA.pem
Adding debian:GlobalSign_Root_CA_-_R2.pem
Adding debian:Comodo_Trusted_Services_root.pem
Adding debian:SZAFIR_ROOT_CA2.pem
Adding debian:Cybertrust_Global_Root.pem
Adding debian:certSIGN_ROOT_CA.pem
Adding debian:EE_Certification_Centre_Root_CA.pem
Adding debian:USERTrust_RSA_Certification_Authority.pem
Adding debian:Certplus_Root_CA_G2.pem
Adding debian:AddTrust_Low-Value_Services_Root.pem
Adding debian:Secure_Global_CA.pem
Adding debian:QuoVadis_Root_CA_3.pem
Adding debian:Entrust.net_Premium_2048_Secure_Server_CA.pem
Adding debian:Entrust_Root_Certification_Authority_-_EC1.pem
Adding debian:TUBITAK_Kamu_SM_SSL_Kok_Sertifikasi_-_Surum_1.pem
Adding debian:VeriSign_Universal_Root_Certification_Authority.pem
Adding debian:DigiCert_Assured_ID_Root_CA.pem
Adding debian:Comodo_Secure_Services_root.pem
Adding debian:thawte_Primary_Root_CA_-_G2.pem
Adding debian:ISRG_Root_X1.pem
Adding debian:OpenTrust_Root_CA_G1.pem
Adding debian:DigiCert_Global_Root_G2.pem
Adding debian:AffirmTrust_Networking.pem
Adding debian:Swisscom_Root_CA_1.pem
Adding debian:AffirmTrust_Premium.pem
Adding debian:Hellenic_Academic_and_Research_Institutions_RootCA_2015.pem
Adding debian:Staat_der_Nederlanden_Root_CA_-_G3.pem
Adding debian:Atos_TrustedRoot_2011.pem
Adding debian:Entrust_Root_Certification_Authority_-_G2.pem
Adding debian:Staat_der_Nederlanden_EV_Root_CA.pem
Adding debian:Certum_Trusted_Network_CA.pem
Adding debian:Certum_Root_CA.pem
Adding debian:Certplus_Root_CA_G1.pem
Adding debian:NetLock_Arany_=Class_Gold=_Főtanúsítvány.pem
Adding debian:QuoVadis_Root_CA_1_G3.pem
Adding debian:Network_Solutions_Certificate_Authority.pem
Adding debian:China_Internet_Network_Information_Center_EV_Certificates_Root.pem
Adding debian:GeoTrust_Universal_CA.pem
Adding debian:SwissSign_Gold_CA_-_G2.pem
Adding debian:OpenTrust_Root_CA_G2.pem
Adding debian:OISTE_WISeKey_Global_Root_GA_CA.pem
Adding debian:Certinomis_-_Root_CA.pem
Adding debian:DST_ACES_CA_X6.pem
Adding debian:Hongkong_Post_Root_CA_1.pem
Adding debian:Certplus_Class_2_Primary_CA.pem
Adding debian:Baltimore_CyberTrust_Root.pem
Adding debian:TWCA_Global_Root_CA.pem
Adding debian:Starfield_Services_Root_Certificate_Authority_-_G2.pem
Adding debian:Security_Communication_EV_RootCA1.pem
Adding debian:GeoTrust_Primary_Certification_Authority_-_G3.pem
Adding debian:D-TRUST_Root_Class_3_CA_2_EV_2009.pem
Adding debian:Hellenic_Academic_and_Research_Institutions_RootCA_2011.pem
Adding debian:T-TeleSec_GlobalRoot_Class_2.pem
Adding debian:GlobalSign_Root_CA_-_R3.pem
Adding debian:TeliaSonera_Root_CA_v1.pem
Adding debian:T-TeleSec_GlobalRoot_Class_3.pem
Adding debian:GlobalSign_ECC_Root_CA_-_R5.pem
Adding debian:Camerfirma_Chambers_of_Commerce_Root.pem
Adding debian:ACEDICOM_Root.pem
Adding debian:D-TRUST_Root_Class_3_CA_2_2009.pem
Adding debian:Buypass_Class_2_Root_CA.pem
Adding debian:Swisscom_Root_EV_CA_2.pem
Adding debian:Certinomis_-_Autorité_Racine.pem
Adding debian:IdenTrust_Commercial_Root_CA_1.pem
Adding debian:AddTrust_Public_Services_Root.pem
Adding debian:VeriSign_Class_3_Public_Primary_Certification_Authority_-_G5.pem
Adding debian:Certum_Trusted_Network_CA_2.pem
Adding debian:AffirmTrust_Commercial.pem
Adding debian:Swisscom_Root_CA_2.pem
Adding debian:TÜBİTAK_UEKAE_Kök_Sertifika_Hizmet_Sağlayıcısı_-_Sürüm_3.pem
Adding debian:LuxTrust_Global_Root_2.pem
Adding debian:Trustis_FPS_Root_CA.pem
Adding debian:GeoTrust_Global_CA_2.pem
Adding debian:Autoridad_de_Certificacion_Firmaprofesional_CIF_A62634068.pem
Adding debian:CNNIC_ROOT.pem
Adding debian:thawte_Primary_Root_CA.pem
Adding debian:ACCVRAIZ1.pem
Adding debian:Visa_eCommerce_Root.pem
Adding debian:SecureTrust_CA.pem
Adding debian:Go_Daddy_Root_Certificate_Authority_-_G2.pem
Adding debian:DigiCert_Assured_ID_Root_G2.pem
Adding debian:ePKI_Root_Certification_Authority.pem
Adding debian:UTN_USERFirst_Hardware_Root_CA.pem
Adding debian:Buypass_Class_3_Root_CA.pem
Adding debian:DigiCert_Assured_ID_Root_G3.pem
Adding debian:Izenpe.com.pem
Adding debian:CA_Disig_Root_R1.pem
Adding debian:Camerfirma_Global_Chambersign_Root.pem
Adding debian:Certigna.pem
Adding debian:Hellenic_Academic_and_Research_Institutions_ECC_RootCA_2015.pem
Adding debian:AC_RAIZ_FNMT-RCM.pem
Adding debian:VeriSign_Class_3_Public_Primary_Certification_Authority_-_G4.pem
Adding debian:Sonera_Class_2_Root_CA.pem
Adding debian:GeoTrust_Universal_CA_2.pem
Adding debian:Taiwan_GRCA.pem
Adding debian:Go_Daddy_Class_2_CA.pem
Adding debian:AddTrust_Qualified_Certificates_Root.pem
Adding debian:SwissSign_Silver_CA_-_G2.pem
Adding debian:DigiCert_Global_Root_CA.pem
Adding debian:GlobalSign_ECC_Root_CA_-_R4.pem
Adding debian:TÜRKTRUST_Elektronik_Sertifika_Hizmet_Sağlayıcısı_H5.pem
Adding debian:E-Tugra_Certification_Authority.pem
Adding debian:Security_Communication_RootCA2.pem
Adding debian:Amazon_Root_CA_3.pem
Adding debian:Actalis_Authentication_Root_CA.pem
Adding debian:Global_Chambersign_Root_-_2008.pem
Adding debian:Amazon_Root_CA_2.pem
Adding debian:OISTE_WISeKey_Global_Root_GB_CA.pem
Adding debian:GeoTrust_Global_CA.pem
Adding debian:Security_Communication_Root_CA.pem
Adding debian:Amazon_Root_CA_4.pem
Adding debian:Starfield_Root_Certificate_Authority_-_G2.pem
Adding debian:OpenTrust_Root_CA_G3.pem
Adding debian:EC-ACC.pem
Adding debian:TURKTRUST_Certificate_Services_Provider_Root_2007.pem
Adding debian:Entrust_Root_Certification_Authority.pem
Adding debian:Verisign_Class_3_Public_Primary_Certification_Authority_-_G3.pem
Adding debian:QuoVadis_Root_CA_2_G3.pem
Adding debian:DigiCert_High_Assurance_EV_Root_CA.pem
Adding debian:AffirmTrust_Premium_ECC.pem
Adding debian:thawte_Primary_Root_CA_-_G3.pem
Adding debian:TWCA_Root_Certification_Authority.pem
Adding debian:Chambers_of_Commerce_Root_-_2008.pem
Adding debian:DigiCert_Global_Root_G3.pem
Adding debian:DigiCert_Trusted_Root_G4.pem
Adding debian:Deutsche_Telekom_Root_CA_2.pem
Adding debian:Staat_der_Nederlanden_Root_CA_-_G2.pem
Adding debian:COMODO_Certification_Authority.pem
Adding debian:QuoVadis_Root_CA_3_G3.pem
Adding debian:PSCProcert.pem
Adding debian:Starfield_Class_2_CA.pem
Adding debian:GeoTrust_Primary_Certification_Authority_-_G2.pem
Adding debian:Comodo_AAA_Services_root.pem
Adding debian:USERTrust_ECC_Certification_Authority.pem
Adding debian:Amazon_Root_CA_1.pem
Adding debian:QuoVadis_Root_CA_2.pem
done.
Processing triggers for libc-bin (2.23-0ubuntu10) ...
Processing triggers for systemd (229-4ubuntu21.4) ...
Processing triggers for ureadahead (0.100.0-19) ...
Processing triggers for ca-certificates (20170717~16.04.1) ...
Updating certificates in /etc/ssl/certs...
0 added, 0 removed; done.
Running hooks in /etc/ca-certificates/update.d...

done.
done.
ubuntu@ip-172-31-38-156:~$ java -version
openjdk version "1.8.0_181"
OpenJDK Runtime Environment (build 1.8.0_181-8u181-b13-0ubuntu0.16.04.1-b13)
OpenJDK 64-Bit Server VM (build 25.181-b13, mixed mode)
ubuntu@ip-172-31-38-156:~$ wget -q -O - https://pkg.jenkins.io/debian/jenkins-ci.org.key | sudo apt-key add -
OK
ubuntu@ip-172-31-38-156:~$ sudo sh -c 'echo deb http://pkg.jenkins.io/debian-stable binary/ > /etc/apt/sources.list.d/jenkins.list'
ubuntu@ip-172-31-38-156:~$ sudo apt-get update
Hit:1 http://us-east-2.ec2.archive.ubuntu.com/ubuntu xenial InRelease
Hit:2 http://us-east-2.ec2.archive.ubuntu.com/ubuntu xenial-updates InRelease
Hit:3 http://us-east-2.ec2.archive.ubuntu.com/ubuntu xenial-backports InRelease                       
Hit:4 http://security.ubuntu.com/ubuntu xenial-security InRelease                                     
Ign:5 http://pkg.jenkins.io/debian-stable binary/ InRelease
Get:6 http://pkg.jenkins.io/debian-stable binary/ Release [2,042 B]
Get:7 http://pkg.jenkins.io/debian-stable binary/ Release.gpg [181 B]
Get:8 http://pkg.jenkins.io/debian-stable binary/ Packages [13.2 kB]
Fetched 15.5 kB in 0s (16.3 kB/s)
Reading package lists... Done

ubuntu@ip-172-31-38-156:~$ sudo apt-get install jenkins -y
Reading package lists... Done
Building dependency tree       
Reading state information... Done
The following additional packages will be installed:
  daemon
The following NEW packages will be installed:
  daemon jenkins
0 upgraded, 2 newly installed, 0 to remove and 8 not upgraded.
Need to get 72.0 MB of archives.
After this operation, 75.1 MB of additional disk space will be used.
Get:1 http://us-east-2.ec2.archive.ubuntu.com/ubuntu xenial/universe amd64 daemon amd64 0.6.4-1 [98.2 kB]
Get:2 http://pkg.jenkins.io/debian-stable binary/ jenkins 2.121.3 [71.9 MB]
Fetched 72.0 MB in 6s (11.3 MB/s)                                                                                                                      
Selecting previously unselected package daemon.
(Reading database ... 51775 files and directories currently installed.)
Preparing to unpack .../daemon_0.6.4-1_amd64.deb ...
Unpacking daemon (0.6.4-1) ...
Selecting previously unselected package jenkins.
Preparing to unpack .../jenkins_2.121.3_all.deb ...
Unpacking jenkins (2.121.3) ...
Processing triggers for man-db (2.7.5-1) ...
Processing triggers for systemd (229-4ubuntu21.4) ...
Processing triggers for ureadahead (0.100.0-19) ...
Setting up daemon (0.6.4-1) ...
Setting up jenkins (2.121.3) ...
Processing triggers for systemd (229-4ubuntu21.4) ...
Processing triggers for ureadahead (0.100.0-19) ...
ubuntu@ip-172-31-38-156:~$ sudo jenkis service status
sudo: jenkis: command not found
ubuntu@ip-172-31-38-156:~$ wget -q -O - https://pkg.jenkins.io/debian/jenkins-ci.org.key | sudo apt-key add -
OK
ubuntu@ip-172-31-38-156:~$ sudo sh -c 'echo deb http://pkg.jenkins.io/debian-stable binary/ > /etc/apt/sources.list.d/jenkins.list'
ubuntu@ip-172-31-38-156:~$ sudo apt-get update
Hit:1 http://us-east-2.ec2.archive.ubuntu.com/ubuntu xenial InRelease
Hit:2 http://us-east-2.ec2.archive.ubuntu.com/ubuntu xenial-updates InRelease                        
Hit:3 http://us-east-2.ec2.archive.ubuntu.com/ubuntu xenial-backports InRelease                      
Ign:4 http://pkg.jenkins.io/debian-stable binary/ InRelease                                                                    
Hit:5 http://pkg.jenkins.io/debian-stable binary/ Release                                                                      
Hit:6 http://security.ubuntu.com/ubuntu xenial-security InRelease               
Reading package lists... Done                     
ubuntu@ip-172-31-38-156:~$ sudo apt-get install jenkins -y
Reading package lists... Done
Building dependency tree       
Reading state information... Done
jenkins is already the newest version (2.121.3).
0 upgraded, 0 newly installed, 0 to remove and 8 not upgraded.
ubuntu@ip-172-31-38-156:~$ sudo jenkis service status
sudo: jenkis: command not found
ubuntu@ip-172-31-38-156:~$ sudo stystemctl start jenkins
sudo: stystemctl: command not found
ubuntu@ip-172-31-38-156:~$ service jenkins status
● jenkins.service - LSB: Start Jenkins at boot time
   Loaded: loaded (/etc/init.d/jenkins; bad; vendor preset: enabled)
   Active: active (exited) since Sat 2018-09-08 05:32:08 UTC; 4min 14s ago
     Docs: man:systemd-sysv-generator(8)

Sep 08 05:32:07 ip-172-31-38-156 systemd[1]: Starting LSB: Start Jenkins at boot time...
Sep 08 05:32:07 ip-172-31-38-156 jenkins[5986]: Correct java version found
Sep 08 05:32:07 ip-172-31-38-156 jenkins[5986]:  * Starting Jenkins Automation Server jenkins
Sep 08 05:32:07 ip-172-31-38-156 su[6020]: Successful su for jenkins by root
Sep 08 05:32:07 ip-172-31-38-156 su[6020]: + ??? root:jenkins
Sep 08 05:32:07 ip-172-31-38-156 su[6020]: pam_unix(su:session): session opened for user jenkins by (uid=0)
Sep 08 05:32:08 ip-172-31-38-156 jenkins[5986]:    ...done.
Sep 08 05:32:08 ip-172-31-38-156 systemd[1]: Started LSB: Start Jenkins at boot time.
ubuntu@ip-172-31-38-156:~$ service jenkins stop
==== AUTHENTICATING FOR org.freedesktop.systemd1.manage-units ===
Authentication is required to stop 'jenkins.service'.
Authenticating as: Ubuntu (ubuntu)
Password: 
ubuntu@ip-172-31-38-156:~$ sudo service jenkins stop
ubuntu@ip-172-31-38-156:~$ sudo service jenkins status
● jenkins.service - LSB: Start Jenkins at boot time
   Loaded: loaded (/etc/init.d/jenkins; bad; vendor preset: enabled)
   Active: inactive (dead) since Sat 2018-09-08 05:37:19 UTC; 6s ago
     Docs: man:systemd-sysv-generator(8)
  Process: 6580 ExecStop=/etc/init.d/jenkins stop (code=exited, status=0/SUCCESS)

Sep 08 05:32:07 ip-172-31-38-156 su[6020]: Successful su for jenkins by root
Sep 08 05:32:07 ip-172-31-38-156 su[6020]: + ??? root:jenkins
Sep 08 05:32:07 ip-172-31-38-156 su[6020]: pam_unix(su:session): session opened for user jenkins by (uid=0)
Sep 08 05:32:08 ip-172-31-38-156 jenkins[5986]:    ...done.
Sep 08 05:32:08 ip-172-31-38-156 systemd[1]: Started LSB: Start Jenkins at boot time.
Sep 08 05:37:17 ip-172-31-38-156 systemd[1]: Stopping LSB: Start Jenkins at boot time...
Sep 08 05:37:18 ip-172-31-38-156 jenkins[6580]: Correct java version found
Sep 08 05:37:18 ip-172-31-38-156 jenkins[6580]:  * Stopping Jenkins Automation Server jenkins
Sep 08 05:37:19 ip-172-31-38-156 jenkins[6580]:    ...done.
Sep 08 05:37:19 ip-172-31-38-156 systemd[1]: Stopped LSB: Start Jenkins at boot time.
ubuntu@ip-172-31-38-156:~$ sudo service jenkins restart
ubuntu@ip-172-31-38-156:~$ jenkins -version
jenkins: command not found
ubuntu@ip-172-31-38-156:~$ jenkins --version
jenkins: command not found
ubuntu@ip-172-31-38-156:~$ 

ubuntu@ip-172-31-38-156:~$ sudo ufw allow 8080
Skipping adding existing rule
Skipping adding existing rule (v6)
ubuntu@ip-172-31-38-156:~$ sudo ufw status
Status: inactive
ubuntu@ip-172-31-38-156:~$ sudo ufw allow openSSH
Rules updated
Rules updated (v6)
ubuntu@ip-172-31-38-156:~$ sudo ufw enable
Command may disrupt existing ssh connections. Proceed with operation (y|n)? y
Firewall is active and enabled on system startup
ubuntu@ip-172-31-38-156:~$ 

*********************GOTO AWS IP ADDRESS AND TAKE IP ADRESS AND PASTE IT*********************

ubuntu@ip-172-31-38-156:~$ sudo cd /var/lib/jenkins/secrets/
sudo: cd: command not found
ubuntu@ip-172-31-38-156:~$ sudo -i
root@ip-172-31-38-156:~# cd /var/lib/jenkins/secrets/
root@ip-172-31-38-156:/var/lib/jenkins/secrets# ls
filepath-filters.d    jenkins.model.Jenkins.crumbSalt         org.jenkinsci.main.modules.instance_identity.InstanceIdentity.KEY
hudson.util.Secret    jenkins.security.ApiTokenProperty.seed  slave-to-master-security-kill-switch
initialAdminPassword  master.key                              whitelisted-callables.d
root@ip-172-31-38-156:/var/lib/jenkins/secrets# cat initialAdminPassword 
3411172642c24504af23932cd4a1f31f
root@ip-172-31-38-156:/var/lib/jenkins/secrets#

********************************************************************************************************
	
Created credentials with id 31b83de7-4a28-4709-a757-98ac530df2a5 (can use it for GitHub Server Config)




















###############################################################################################################################
root@ip-172-31-43-8:~# apt-get update -y
Hit:1 http://us-east-2.ec2.archive.ubuntu.com/ubuntu xenial InRelease
Hit:2 http://us-east-2.ec2.archive.ubuntu.com/ubuntu xenial-updates InRelease
Hit:3 http://us-east-2.ec2.archive.ubuntu.com/ubuntu xenial-backports InRelease
Hit:4 http://security.ubuntu.com/ubuntu xenial-security InRelease              
Reading package lists... Done                                                  
root@ip-172-31-43-8:~# add-apt-repository ppa:webupd8team/java
 Oracle Java (JDK) Installer (automatically downloads and installs Oracle JDK8). There are no actual Java files in this PPA.

Important -> Why Oracle Java 7 And 6 Installers No Longer Work: http://www.webupd8.org/2017/06/why-oracle-java-7-and-6-installers-no.html

Update: Oracle Java 9 has reached end of life: http://www.oracle.com/technetwork/java/javase/downloads/jdk9-downloads-3848520.html

The PPA supports Ubuntu 18.04, 17.10, 16.04, 14.04 and 12.04.

More info (and Ubuntu installation instructions):
- for Oracle Java 8: http://www.webupd8.org/2012/09/install-oracle-java-8-in-ubuntu-via-ppa.html

Debian installation instructions:
- Oracle Java 8: http://www.webupd8.org/2014/03/how-to-install-oracle-java-8-in-debian.html

For Oracle Java 10, see a different PPA: https://www.linuxuprising.com/2018/04/install-oracle-java-10-in-ubuntu-or.html
 More info: https://launchpad.net/~webupd8team/+archive/ubuntu/java
Press [ENTER] to continue or ctrl-c to cancel adding it

gpg: keyring `/tmp/tmpn443ic2r/secring.gpg' created
gpg: keyring `/tmp/tmpn443ic2r/pubring.gpg' created
gpg: requesting key EEA14886 from hkp server keyserver.ubuntu.com
gpg: /tmp/tmpn443ic2r/trustdb.gpg: trustdb created
gpg: key EEA14886: public key "Launchpad VLC" imported
gpg: no ultimately trusted keys found
gpg: Total number processed: 1
gpg:               imported: 1  (RSA: 1)
OK
root@ip-172-31-43-8:~# apt-get update
Hit:1 http://us-east-2.ec2.archive.ubuntu.com/ubuntu xenial InRelease
Hit:2 http://us-east-2.ec2.archive.ubuntu.com/ubuntu xenial-updates InRelease                         
Hit:3 http://us-east-2.ec2.archive.ubuntu.com/ubuntu xenial-backports InRelease                                                                       
Hit:4 http://security.ubuntu.com/ubuntu xenial-security InRelease                                                                                     
Get:5 http://ppa.launchpad.net/webupd8team/java/ubuntu xenial InRelease [17.5 kB]                                               
Get:6 http://ppa.launchpad.net/webupd8team/java/ubuntu xenial/main amd64 Packages [1,556 B]
Get:7 http://ppa.launchpad.net/webupd8team/java/ubuntu xenial/main Translation-en [928 B]
Fetched 20.0 kB in 0s (28.4 kB/s)                   
Reading package lists... Done
root@ip-172-31-43-8:~# apt-get install oracle-java8-installer
Reading package lists... Done
Building dependency tree       
Reading state information... Done
The following additional packages will be installed:
  binutils gsfonts gsfonts-x11 java-common libfontenc1 libxfont1 oracle-java8-set-default x11-common xfonts-encodings xfonts-utils
Suggested packages:
  binutils-doc binfmt-support visualvm ttf-baekmuk | ttf-unfonts | ttf-unfonts-core ttf-kochi-gothic | ttf-sazanami-gothic ttf-kochi-mincho
  | ttf-sazanami-mincho ttf-arphic-uming firefox | firefox-2 | iceweasel | mozilla-firefox | iceape-browser | mozilla-browser | epiphany-gecko
  | epiphany-webkit | epiphany-browser | galeon | midbrowser | moblin-web-browser | xulrunner | xulrunner-1.9 | konqueror | chromium-browser | midori
  | google-chrome
The following NEW packages will be installed:
  binutils gsfonts gsfonts-x11 java-common libfontenc1 libxfont1 oracle-java8-installer oracle-java8-set-default x11-common xfonts-encodings
  xfonts-utils
0 upgraded, 11 newly installed, 0 to remove and 3 not upgraded.
Need to get 6,520 kB of archives.
After this operation, 20.5 MB of additional disk space will be used.
Do you want to continue? [Y/n] y
Get:1 http://us-east-2.ec2.archive.ubuntu.com/ubuntu xenial-updates/main amd64 binutils amd64 2.26.1-1ubuntu1~16.04.6 [2,311 kB]
Get:2 http://us-east-2.ec2.archive.ubuntu.com/ubuntu xenial/main amd64 java-common all 0.56ubuntu2 [7,742 B]
Get:3 http://us-east-2.ec2.archive.ubuntu.com/ubuntu xenial/main amd64 gsfonts all 1:8.11+urwcyr1.0.7~pre44-4.2ubuntu1 [3,374 kB]
Get:4 http://us-east-2.ec2.archive.ubuntu.com/ubuntu xenial/main amd64 libfontenc1 amd64 1:1.1.3-1 [13.9 kB]
Get:5 http://us-east-2.ec2.archive.ubuntu.com/ubuntu xenial-updates/main amd64 libxfont1 amd64 1:1.5.1-1ubuntu0.16.04.4 [95.0 kB]
Get:6 http://us-east-2.ec2.archive.ubuntu.com/ubuntu xenial-updates/main amd64 x11-common all 1:7.7+13ubuntu3.1 [22.9 kB]
Get:7 http://us-east-2.ec2.archive.ubuntu.com/ubuntu xenial/main amd64 xfonts-encodings all 1:1.0.4-2 [573 kB]
Get:8 http://us-east-2.ec2.archive.ubuntu.com/ubuntu xenial-updates/main amd64 xfonts-utils amd64 1:7.7+3ubuntu0.16.04.2 [74.6 kB]
Get:9 http://us-east-2.ec2.archive.ubuntu.com/ubuntu xenial/universe amd64 gsfonts-x11 all 0.24 [7,314 B]
Get:10 http://ppa.launchpad.net/webupd8team/java/ubuntu xenial/main amd64 oracle-java8-installer all 8u181-1~webupd8~1 [32.9 kB]
Get:11 http://ppa.launchpad.net/webupd8team/java/ubuntu xenial/main amd64 oracle-java8-set-default all 8u181-1~webupd8~1 [6,924 B]
Fetched 6,520 kB in 0s (14.0 MB/s)                  
Preconfiguring packages ...
Selecting previously unselected package binutils.
(Reading database ... 76410 files and directories currently installed.)
Preparing to unpack .../binutils_2.26.1-1ubuntu1~16.04.6_amd64.deb ...
Unpacking binutils (2.26.1-1ubuntu1~16.04.6) ...
Selecting previously unselected package java-common.
Preparing to unpack .../java-common_0.56ubuntu2_all.deb ...
Unpacking java-common (0.56ubuntu2) ...
Processing triggers for libc-bin (2.23-0ubuntu10) ...
Processing triggers for man-db (2.7.5-1) ...
Setting up binutils (2.26.1-1ubuntu1~16.04.6) ...
Processing triggers for libc-bin (2.23-0ubuntu10) ...
Selecting previously unselected package oracle-java8-installer.
(Reading database ... 76626 files and directories currently installed.)
Preparing to unpack .../oracle-java8-installer_8u181-1~webupd8~1_all.deb ...
Unpacking oracle-java8-installer (8u181-1~webupd8~1) ...
Processing triggers for mime-support (3.59ubuntu1) ...
Processing triggers for shared-mime-info (1.5-2ubuntu0.2) ...
Setting up java-common (0.56ubuntu2) ...
Setting up oracle-java8-installer (8u181-1~webupd8~1) ...
No /var/cache/oracle-jdk8-installer/wgetrc file found.
Creating /var/cache/oracle-jdk8-installer/wgetrc and
using default oracle-java8-installer wgetrc settings for it.
Downloading Oracle Java 8...
--2018-09-08 04:35:00--  http://download.oracle.com/otn-pub/java/jdk/8u181-b13/96a7b8442fe848ef90c96a2fad6ed6d1/jdk-8u181-linux-x64.tar.gz
Resolving download.oracle.com (download.oracle.com)... 23.41.185.117
Connecting to download.oracle.com (download.oracle.com)|23.41.185.117|:80... connected.
HTTP request sent, awaiting response... 302 Moved Temporarily
Location: https://edelivery.oracle.com/otn-pub/java/jdk/8u181-b13/96a7b8442fe848ef90c96a2fad6ed6d1/jdk-8u181-linux-x64.tar.gz [following]
--2018-09-08 04:35:00--  https://edelivery.oracle.com/otn-pub/java/jdk/8u181-b13/96a7b8442fe848ef90c96a2fad6ed6d1/jdk-8u181-linux-x64.tar.gz
Resolving edelivery.oracle.com (edelivery.oracle.com)... 23.72.67.4, 2001:428:1802:59a::2d3e, 2001:428:1802:5a1::2d3e
Connecting to edelivery.oracle.com (edelivery.oracle.com)|23.72.67.4|:443... connected.
HTTP request sent, awaiting response... 302 Moved Temporarily
Location: http://download.oracle.com/otn-pub/java/jdk/8u181-b13/96a7b8442fe848ef90c96a2fad6ed6d1/jdk-8u181-linux-x64.tar.gz?AuthParam=1536381420_09892de76643573da3580faa3a9d351d [following]
--2018-09-08 04:35:01--  http://download.oracle.com/otn-pub/java/jdk/8u181-b13/96a7b8442fe848ef90c96a2fad6ed6d1/jdk-8u181-linux-x64.tar.gz?AuthParam=1536381420_09892de76643573da3580faa3a9d351d
Connecting to download.oracle.com (download.oracle.com)|23.41.185.117|:80... connected.
HTTP request sent, awaiting response... 200 OK
Length: 185646832 (177M) [application/x-gzip]
Saving to: ‘jdk-8u181-linux-x64.tar.gz’

     0K ........ ........ ........ ........ ........ ........  1% 24.3M 7s
  3072K ........ ........ ........ ........ ........ ........  3% 19.3M 8s
  6144K ........ ........ ........ ........ ........ ........  5% 23.1M 8s
  9216K ........ ........ ........ ........ ........ ........  6% 22.5M 7s
 12288K ........ ........ ........ ........ ........ ........  8% 15.8M 8s
 15360K ........ ........ ........ ........ ........ ........ 10% 24.4M 8s
 18432K ........ ........ ........ ........ ........ ........ 11% 22.3M 7s
 21504K ........ ........ ........ ........ ........ ........ 13% 17.0M 7s
 24576K ........ ........ ........ ........ ........ ........ 15% 26.0M 7s
 27648K ........ ........ ........ ........ ........ ........ 16% 20.2M 7s
 30720K ........ ........ ........ ........ ........ ........ 18% 21.9M 7s
 33792K ........ ........ ........ ........ ........ ........ 20% 41.6M 6s
 36864K ........ ........ ........ ........ ........ ........ 22% 19.6M 6s
 39936K ........ ........ ........ ........ ........ ........ 23% 18.1M 6s
 43008K ........ ........ ........ ........ ........ ........ 25% 21.6M 6s
 46080K ........ ........ ........ ........ ........ ........ 27% 22.9M 6s
 49152K ........ ........ ........ ........ ........ ........ 28% 38.2M 6s
 52224K ........ ........ ........ ........ ........ ........ 30% 17.2M 6s
 55296K ........ ........ ........ ........ ........ ........ 32% 20.3M 6s
 58368K ........ ........ ........ ........ ........ ........ 33% 18.8M 5s
 61440K ........ ........ ........ ........ ........ ........ 35% 17.7M 5s
 64512K ........ ........ ........ ........ ........ ........ 37% 27.6M 5s
 67584K ........ ........ ........ ........ ........ ........ 38% 26.3M 5s
 70656K ........ ........ ........ ........ ........ ........ 40% 15.9M 5s
 73728K ........ ........ ........ ........ ........ ........ 42% 25.8M 5s
 76800K ........ ........ ........ ........ ........ ........ 44% 22.8M 5s
 79872K ........ ........ ........ ........ ........ ........ 45% 22.0M 4s
 82944K ........ ........ ........ ........ ........ ........ 47% 24.2M 4s
 86016K ........ ........ ........ ........ ........ ........ 49% 31.5M 4s
 89088K ........ ........ ........ ........ ........ ........ 50% 33.9M 4s
 92160K ........ ........ ........ ........ ........ ........ 52% 21.3M 4s
 95232K ........ ........ ........ ........ ........ ........ 54% 18.3M 4s
 98304K ........ ........ ........ ........ ........ ........ 55% 17.9M 4s
101376K ........ ........ ........ ........ ........ ........ 57% 28.6M 3s
104448K ........ ........ ........ ........ ........ ........ 59% 21.6M 3s
107520K ........ ........ ........ ........ ........ ........ 61% 25.0M 3s
110592K ........ ........ ........ ........ ........ ........ 62% 16.1M 3s
113664K ........ ........ ........ ........ ........ ........ 64% 27.0M 3s
116736K ........ ........ ........ ........ ........ ........ 66% 18.6M 3s
119808K ........ ........ ........ ........ ........ ........ 67% 16.8M 3s
122880K ........ ........ ........ ........ ........ ........ 69% 34.4M 2s
125952K ........ ........ ........ ........ ........ ........ 71% 21.9M 2s
129024K ........ ........ ........ ........ ........ ........ 72% 19.3M 2s
132096K ........ ........ ........ ........ ........ ........ 74% 27.9M 2s
135168K ........ ........ ........ ........ ........ ........ 76% 29.4M 2s
138240K ........ ........ ........ ........ ........ ........ 77% 18.2M 2s
141312K ........ ........ ........ ........ ........ ........ 79% 19.9M 2s
144384K ........ ........ ........ ........ ........ ........ 81% 27.1M 2s
147456K ........ ........ ........ ........ ........ ........ 83% 20.5M 1s
150528K ........ ........ ........ ........ ........ ........ 84% 17.2M 1s
153600K ........ ........ ........ ........ ........ ........ 86% 22.5M 1s
156672K ........ ........ ........ ........ ........ ........ 88% 31.7M 1s
159744K ........ ........ ........ ........ ........ ........ 89% 23.5M 1s
162816K ........ ........ ........ ........ ........ ........ 91% 26.3M 1s
165888K ........ ........ ........ ........ ........ ........ 93% 16.9M 1s
168960K ........ ........ ........ ........ ........ ........ 94% 17.2M 0s
172032K ........ ........ ........ ........ ........ ........ 96% 20.4M 0s
175104K ........ ........ ........ ........ ........ ........ 98% 20.6M 0s
178176K ........ ........ ........ ........ ........ ........ 99% 19.8M 0s
181248K                                                      100% 3.63M=8.2s

2018-09-08 04:35:09 (21.7 MB/s) - ‘jdk-8u181-linux-x64.tar.gz’ saved [185646832/185646832]

Download done.
Removing outdated cached downloads...
update-alternatives: error: no alternatives for java
update-alternatives: using /usr/lib/jvm/java-8-oracle/jre/bin/ControlPanel to provide /usr/bin/ControlPanel (ControlPanel) in auto mode
update-alternatives: using /usr/lib/jvm/java-8-oracle/jre/bin/java to provide /usr/bin/java (java) in auto mode
update-alternatives: using /usr/lib/jvm/java-8-oracle/jre/bin/javaws to provide /usr/bin/javaws (javaws) in auto mode
update-alternatives: using /usr/lib/jvm/java-8-oracle/jre/bin/jcontrol to provide /usr/bin/jcontrol (jcontrol) in auto mode
update-alternatives: using /usr/lib/jvm/java-8-oracle/jre/bin/jjs to provide /usr/bin/jjs (jjs) in auto mode
update-alternatives: using /usr/lib/jvm/java-8-oracle/jre/bin/keytool to provide /usr/bin/keytool (keytool) in auto mode
update-alternatives: using /usr/lib/jvm/java-8-oracle/jre/bin/orbd to provide /usr/bin/orbd (orbd) in auto mode
update-alternatives: using /usr/lib/jvm/java-8-oracle/jre/bin/pack200 to provide /usr/bin/pack200 (pack200) in auto mode
update-alternatives: using /usr/lib/jvm/java-8-oracle/jre/bin/policytool to provide /usr/bin/policytool (policytool) in auto mode
update-alternatives: using /usr/lib/jvm/java-8-oracle/jre/bin/rmid to provide /usr/bin/rmid (rmid) in auto mode
update-alternatives: using /usr/lib/jvm/java-8-oracle/jre/bin/rmiregistry to provide /usr/bin/rmiregistry (rmiregistry) in auto mode
update-alternatives: using /usr/lib/jvm/java-8-oracle/jre/bin/servertool to provide /usr/bin/servertool (servertool) in auto mode
update-alternatives: using /usr/lib/jvm/java-8-oracle/jre/bin/tnameserv to provide /usr/bin/tnameserv (tnameserv) in auto mode
update-alternatives: using /usr/lib/jvm/java-8-oracle/jre/bin/unpack200 to provide /usr/bin/unpack200 (unpack200) in auto mode
update-alternatives: using /usr/lib/jvm/java-8-oracle/jre/lib/jexec to provide /usr/bin/jexec (jexec) in auto mode
update-alternatives: using /usr/lib/jvm/java-8-oracle/bin/appletviewer to provide /usr/bin/appletviewer (appletviewer) in auto mode
update-alternatives: using /usr/lib/jvm/java-8-oracle/bin/extcheck to provide /usr/bin/extcheck (extcheck) in auto mode
update-alternatives: using /usr/lib/jvm/java-8-oracle/bin/idlj to provide /usr/bin/idlj (idlj) in auto mode
update-alternatives: using /usr/lib/jvm/java-8-oracle/bin/jar to provide /usr/bin/jar (jar) in auto mode
update-alternatives: using /usr/lib/jvm/java-8-oracle/bin/jarsigner to provide /usr/bin/jarsigner (jarsigner) in auto mode
update-alternatives: using /usr/lib/jvm/java-8-oracle/bin/javac to provide /usr/bin/javac (javac) in auto mode
update-alternatives: using /usr/lib/jvm/java-8-oracle/bin/javadoc to provide /usr/bin/javadoc (javadoc) in auto mode
update-alternatives: using /usr/lib/jvm/java-8-oracle/bin/javafxpackager to provide /usr/bin/javafxpackager (javafxpackager) in auto mode
update-alternatives: using /usr/lib/jvm/java-8-oracle/bin/javah to provide /usr/bin/javah (javah) in auto mode
update-alternatives: using /usr/lib/jvm/java-8-oracle/bin/javap to provide /usr/bin/javap (javap) in auto mode
update-alternatives: using /usr/lib/jvm/java-8-oracle/bin/javapackager to provide /usr/bin/javapackager (javapackager) in auto mode
update-alternatives: using /usr/lib/jvm/java-8-oracle/bin/jcmd to provide /usr/bin/jcmd (jcmd) in auto mode
update-alternatives: using /usr/lib/jvm/java-8-oracle/bin/jconsole to provide /usr/bin/jconsole (jconsole) in auto mode
update-alternatives: using /usr/lib/jvm/java-8-oracle/bin/jdb to provide /usr/bin/jdb (jdb) in auto mode
update-alternatives: using /usr/lib/jvm/java-8-oracle/bin/jdeps to provide /usr/bin/jdeps (jdeps) in auto mode
update-alternatives: using /usr/lib/jvm/java-8-oracle/bin/jhat to provide /usr/bin/jhat (jhat) in auto mode
update-alternatives: using /usr/lib/jvm/java-8-oracle/bin/jinfo to provide /usr/bin/jinfo (jinfo) in auto mode
update-alternatives: using /usr/lib/jvm/java-8-oracle/bin/jmap to provide /usr/bin/jmap (jmap) in auto mode
update-alternatives: using /usr/lib/jvm/java-8-oracle/bin/jmc to provide /usr/bin/jmc (jmc) in auto mode
update-alternatives: using /usr/lib/jvm/java-8-oracle/bin/jps to provide /usr/bin/jps (jps) in auto mode
update-alternatives: using /usr/lib/jvm/java-8-oracle/bin/jrunscript to provide /usr/bin/jrunscript (jrunscript) in auto mode
update-alternatives: using /usr/lib/jvm/java-8-oracle/bin/jsadebugd to provide /usr/bin/jsadebugd (jsadebugd) in auto mode
update-alternatives: using /usr/lib/jvm/java-8-oracle/bin/jstack to provide /usr/bin/jstack (jstack) in auto mode
update-alternatives: using /usr/lib/jvm/java-8-oracle/bin/jstat to provide /usr/bin/jstat (jstat) in auto mode
update-alternatives: using /usr/lib/jvm/java-8-oracle/bin/jstatd to provide /usr/bin/jstatd (jstatd) in auto mode
update-alternatives: using /usr/lib/jvm/java-8-oracle/bin/jvisualvm to provide /usr/bin/jvisualvm (jvisualvm) in auto mode
update-alternatives: using /usr/lib/jvm/java-8-oracle/bin/native2ascii to provide /usr/bin/native2ascii (native2ascii) in auto mode
update-alternatives: using /usr/lib/jvm/java-8-oracle/bin/rmic to provide /usr/bin/rmic (rmic) in auto mode
update-alternatives: using /usr/lib/jvm/java-8-oracle/bin/schemagen to provide /usr/bin/schemagen (schemagen) in auto mode
update-alternatives: using /usr/lib/jvm/java-8-oracle/bin/serialver to provide /usr/bin/serialver (serialver) in auto mode
update-alternatives: using /usr/lib/jvm/java-8-oracle/bin/wsgen to provide /usr/bin/wsgen (wsgen) in auto mode
update-alternatives: using /usr/lib/jvm/java-8-oracle/bin/wsimport to provide /usr/bin/wsimport (wsimport) in auto mode
update-alternatives: using /usr/lib/jvm/java-8-oracle/bin/xjc to provide /usr/bin/xjc (xjc) in auto mode
update-alternatives: using /usr/lib/jvm/java-8-oracle/jre/lib/amd64/libnpjp2.so to provide /usr/lib/mozilla/plugins/libjavaplugin.so (mozilla-javaplugin.so) in auto mode
Oracle JDK 8 installed

#####Important########
To set Oracle JDK8 as default, install the "oracle-java8-set-default" package.
E.g.: sudo apt install oracle-java8-set-default
On Ubuntu systems, oracle-java8-set-default is most probably installed
automatically with this package.
######################

Selecting previously unselected package oracle-java8-set-default.
(Reading database ... 76667 files and directories currently installed.)
Preparing to unpack .../oracle-java8-set-default_8u181-1~webupd8~1_all.deb ...
Unpacking oracle-java8-set-default (8u181-1~webupd8~1) ...
Selecting previously unselected package gsfonts.
Preparing to unpack .../gsfonts_1%3a8.11+urwcyr1.0.7~pre44-4.2ubuntu1_all.deb ...
Unpacking gsfonts (1:8.11+urwcyr1.0.7~pre44-4.2ubuntu1) ...
Selecting previously unselected package libfontenc1:amd64.
Preparing to unpack .../libfontenc1_1%3a1.1.3-1_amd64.deb ...
Unpacking libfontenc1:amd64 (1:1.1.3-1) ...
Selecting previously unselected package libxfont1:amd64.
Preparing to unpack .../libxfont1_1%3a1.5.1-1ubuntu0.16.04.4_amd64.deb ...
Unpacking libxfont1:amd64 (1:1.5.1-1ubuntu0.16.04.4) ...
Selecting previously unselected package x11-common.
Preparing to unpack .../x11-common_1%3a7.7+13ubuntu3.1_all.deb ...
dpkg-query: no packages found matching nux-tools
Unpacking x11-common (1:7.7+13ubuntu3.1) ...
Selecting previously unselected package xfonts-encodings.
Preparing to unpack .../xfonts-encodings_1%3a1.0.4-2_all.deb ...
Unpacking xfonts-encodings (1:1.0.4-2) ...
Selecting previously unselected package xfonts-utils.
Preparing to unpack .../xfonts-utils_1%3a7.7+3ubuntu0.16.04.2_amd64.deb ...
Unpacking xfonts-utils (1:7.7+3ubuntu0.16.04.2) ...
Selecting previously unselected package gsfonts-x11.
Preparing to unpack .../gsfonts-x11_0.24_all.deb ...
Unpacking gsfonts-x11 (0.24) ...
Processing triggers for libc-bin (2.23-0ubuntu10) ...
Processing triggers for man-db (2.7.5-1) ...
Processing triggers for systemd (229-4ubuntu21.4) ...
Processing triggers for ureadahead (0.100.0-19) ...
Setting up oracle-java8-set-default (8u181-1~webupd8~1) ...
Setting up gsfonts (1:8.11+urwcyr1.0.7~pre44-4.2ubuntu1) ...
Setting up libfontenc1:amd64 (1:1.1.3-1) ...
Setting up libxfont1:amd64 (1:1.5.1-1ubuntu0.16.04.4) ...
Setting up x11-common (1:7.7+13ubuntu3.1) ...
update-rc.d: warning: start and stop actions are no longer supported; falling back to defaults
Setting up xfonts-encodings (1:1.0.4-2) ...
Setting up xfonts-utils (1:7.7+3ubuntu0.16.04.2) ...
Setting up gsfonts-x11 (0.24) ...
Processing triggers for libc-bin (2.23-0ubuntu10) ...
Processing triggers for systemd (229-4ubuntu21.4) ...
Processing triggers for ureadahead (0.100.0-19) ...
root@ip-172-31-43-8:~# java -version
java version "1.8.0_181"
Java(TM) SE Runtime Environment (build 1.8.0_181-b13)
Java HotSpot(TM) 64-Bit Server VM (build 25.181-b13, mixed mode)
root@ip-172-31-43-8:~# update-alternatives --config java
There is 1 choice for the alternative java (providing /usr/bin/java).

  Selection    Path                                     Priority   Status
------------------------------------------------------------
  0            /usr/lib/jvm/java-8-oracle/jre/bin/java   1081      auto mode
* 1            /usr/lib/jvm/java-8-oracle/jre/bin/java   1081      manual mode

Press <enter> to keep the current choice[*], or type selection number: 0
root@ip-172-31-43-8:~# vi /etc/environment
root@ip-172-31-43-8:~# echo $JAVA_HOME

root@ip-172-31-43-8:~# source /etc/environment
root@ip-172-31-43-8:~# echo $JAVA_HOME
/usr/lib/jvm/java-8-oracle
root@ip-172-31-43-8:~# history
    1  ls
    2  clear
    3  apt-get update -y
    4  add-apt-repository ppa:webupd8team/java
    5  apt-get update
    6  apt-get install oracle-java8-installer
    7  java -version
    8  update-alternatives --config java
    9  vi /etc/environment
   10  echo $JAVA_HOME
   11  source /etc/environment
   12  echo $JAVA_HOME
   13  history
root@ip-172-31-43-8:~# 

root@ip-172-31-43-8:~# apt-get install default-jre
Reading package lists... Done
Building dependency tree       
Reading state information... Done
The following additional packages will be installed:
  default-jre-headless
Suggested packages:
  default-java-plugin
The following NEW packages will be installed:
  default-jre default-jre-headless
0 upgraded, 2 newly installed, 0 to remove and 3 not upgraded.
Need to get 5,360 B of archives.
After this operation, 28.7 kB of additional disk space will be used.
Do you want to continue? [Y/n] y
Get:1 http://us-east-2.ec2.archive.ubuntu.com/ubuntu xenial/main amd64 default-jre-headless amd64 2:1.8-56ubuntu2 [4,380 B]
Get:2 http://us-east-2.ec2.archive.ubuntu.com/ubuntu xenial/main amd64 default-jre amd64 2:1.8-56ubuntu2 [980 B]
Fetched 5,360 B in 0s (194 kB/s)
Selecting previously unselected package default-jre-headless.
(Reading database ... 76972 files and directories currently installed.)
Preparing to unpack .../default-jre-headless_2%3a1.8-56ubuntu2_amd64.deb ...
Unpacking default-jre-headless (2:1.8-56ubuntu2) ...
Selecting previously unselected package default-jre.
Preparing to unpack .../default-jre_2%3a1.8-56ubuntu2_amd64.deb ...
Unpacking default-jre (2:1.8-56ubuntu2) ...
Setting up default-jre-headless (2:1.8-56ubuntu2) ...
Setting up default-jre (2:1.8-56ubuntu2) ...
root@ip-172-31-43-8:~# wget -q -O - https://pkg.jenkins.io/debian-stable/jenkins.io.key | sudo apt-key add -
OK



*****************************************************************************************

root@ip-172-31-43-8:~# wget https://pkg.jenkins.io/debian-stable/binary/jenkins_2.121.3_all.deb
--2018-09-08 04:46:39--  https://pkg.jenkins.io/debian-stable/binary/jenkins_2.121.3_all.deb
Resolving pkg.jenkins.io (pkg.jenkins.io)... 52.202.51.185
Connecting to pkg.jenkins.io (pkg.jenkins.io)|52.202.51.185|:443... connected.
HTTP request sent, awaiting response... 302 Found
Location: https://prodjenkinsreleases.blob.core.windows.net/debian-stable/jenkins_2.121.3_all.deb [following]
--2018-09-08 04:46:39--  https://prodjenkinsreleases.blob.core.windows.net/debian-stable/jenkins_2.121.3_all.deb
Resolving prodjenkinsreleases.blob.core.windows.net (prodjenkinsreleases.blob.core.windows.net)... 104.208.128.30
Connecting to prodjenkinsreleases.blob.core.windows.net (prodjenkinsreleases.blob.core.windows.net)|104.208.128.30|:443... connected.
HTTP request sent, awaiting response... 200 OK
Length: 71896714 (69M) [application/x-debian-package]
Saving to: ‘jenkins_2.121.3_all.deb’

jenkins_2.121.3_all.deb               100%[=========================================================================>]  68.57M  8.72MB/s    in 8.4s    

2018-09-08 04:46:48 (8.15 MB/s) - ‘jenkins_2.121.3_all.deb’ saved [71896714/71896714]

root@ip-172-31-43-8:~# ls
jenkins_2.121.3_all.deb  snap

************************if it is not work****************************************************************************************



